// Jest Snapshot v1, https://goo.gl/fbAQLP

exports[`Car renders correctly 1`] = `
<View
  style={
    [
      {
        "display": "flex",
      },
      {
        "flexBasis": "0%",
        "flexGrow": 1,
        "flexShrink": 1,
      },
      {
        "backgroundColor": "#f2f5f8",
      },
    ]
  }
>
  <View
    style={
      [
        {
          "paddingLeft": 36,
          "paddingRight": 36,
        },
        {
          "paddingBottom": 36,
          "paddingTop": 36,
        },
        {
          "flexBasis": "0%",
          "flexGrow": 1,
          "flexShrink": 1,
        },
        {
          "flexDirection": "column",
        },
        {
          "justifyContent": "space-between",
        },
      ]
    }
  >
    <Text
      style={
        [
          {
            "paddingBottom": 40,
          },
          {
            "color": "#A4B0BC",
          },
          {
            "fontSize": 20,
            "lineHeight": 28,
          },
          {
            "fontFamily": "Nunito-Regular",
          },
        ]
      }
    >
      Select Your Car
    </Text>
    <View
      style={
        [
          {
            "alignItems": "center",
          },
          {
            "flexBasis": "0%",
            "flexGrow": 1,
            "flexShrink": 1,
          },
        ]
      }
    >
      <Image
        resizeMode="contain"
        source={
          {
            "uri": "https://static-assets.tesla.com/configurator/compositor?context=design_studio_2&options=$MT322,$PPMR,$W41B,$IBB1&view=STUD_FRONT34&model=m3&size=1920&bkba_opt=2&crop=0,0,0,0&version=v0121-078c13b0d202212151058",
          }
        }
        style={
          [
            {
              "width": 750,
            },
            {
              "height": "100%",
            },
          ]
        }
      />
    </View>
    <View
      style={
        [
          {
            "flexDirection": "row",
          },
          {
            "justifyContent": "space-between",
          },
        ]
      }
    >
      <View
        accessible={true}
        collapsable={false}
        focusable={true}
        onClick={[Function]}
        onResponderGrant={[Function]}
        onResponderMove={[Function]}
        onResponderRelease={[Function]}
        onResponderTerminate={[Function]}
        onResponderTerminationRequest={[Function]}
        onStartShouldSetResponder={[Function]}
        style={
          {
            "opacity": 1,
          }
        }
      >
        <View
          style={
            {
              "flex": 1,
            }
          }
        >
          <Text
            style={
              [
                {
                  "fontSize": 24,
                  "lineHeight": 32,
                },
                {
                  "color": "#000",
                },
              ]
            }
          >
            Performance
          </Text>
          <Text
            style={
              [
                {
                  "fontFamily": "Nunito-Regular",
                },
                {
                  "fontSize": 20,
                  "lineHeight": 28,
                },
                {
                  "color": "#D01000",
                },
              ]
            }
          >
            AED 
            235,000
          </Text>
        </View>
      </View>
      <View
        accessible={true}
        collapsable={false}
        focusable={true}
        onClick={[Function]}
        onResponderGrant={[Function]}
        onResponderMove={[Function]}
        onResponderRelease={[Function]}
        onResponderTerminate={[Function]}
        onResponderTerminationRequest={[Function]}
        onStartShouldSetResponder={[Function]}
        style={
          {
            "opacity": 1,
          }
        }
      >
        <View
          style={
            {
              "flex": 0,
            }
          }
        >
          <Text
            style={
              [
                {
                  "fontSize": 24,
                  "lineHeight": 32,
                },
                {
                  "color": "#929395",
                },
              ]
            }
          >
            Long Range
          </Text>
          <Text
            style={
              [
                {
                  "fontFamily": "Nunito-Regular",
                },
                {
                  "fontSize": 20,
                  "lineHeight": 28,
                },
                {
                  "color": "#dee3e8",
                },
              ]
            }
          >
            AED 
            215,000
          </Text>
        </View>
      </View>
    </View>
  </View>
  <View
    style={
      [
        {
          "flexBasis": "0%",
          "flexGrow": 1,
          "flexShrink": 1,
        },
      ]
    }
  >
    <View
      style={
        [
          {
            "backgroundColor": "#fff",
          },
          {
            "paddingBottom": 40,
            "paddingTop": 40,
          },
          {
            "paddingLeft": 36,
            "paddingRight": 36,
          },
          {
            "borderTopLeftRadius": 36,
            "borderTopRightRadius": 36,
          },
        ]
      }
    >
      <View
        style={
          [
            {
              "flexDirection": "row",
            },
            {
              "justifyContent": "space-between",
            },
            {
              "paddingBottom": 24,
            },
          ]
        }
      >
        <View
          style={
            [
              {
                "flexBasis": "0%",
                "flexGrow": 1,
                "flexShrink": 1,
              },
              {
                "alignItems": "center",
              },
            ]
          }
        >
          <Text
            style={
              [
                {
                  "fontFamily": "Nunito-SemiBold",
                },
                {
                  "color": "#000",
                },
                {
                  "fontSize": 30,
                  "lineHeight": 36,
                },
              ]
            }
          >
            3.5s
          </Text>
          <Text
            style={
              [
                {
                  "fontFamily": "Nunito-Regular",
                },
                {
                  "color": "#000",
                },
                {
                  "fontSize": 12,
                  "lineHeight": 16,
                },
              ]
            }
          >
            0-60 mph
          </Text>
        </View>
        <View
          style={
            [
              {
                "width": 1,
              },
              {
                "height": "75%",
              },
              {
                "backgroundColor": "#000",
              },
            ]
          }
        />
        <View
          style={
            [
              {
                "flexBasis": "0%",
                "flexGrow": 1,
                "flexShrink": 1,
              },
              {
                "alignItems": "center",
              },
            ]
          }
        >
          <Text
            style={
              [
                {
                  "fontFamily": "Nunito-SemiBold",
                },
                {
                  "color": "#000",
                },
                {
                  "fontSize": 30,
                  "lineHeight": 36,
                },
              ]
            }
          >
            150mph
          </Text>
          <Text
            style={
              [
                {
                  "fontFamily": "Nunito-Regular",
                },
                {
                  "color": "#000",
                },
                {
                  "fontSize": 12,
                  "lineHeight": 16,
                },
              ]
            }
          >
            Top Speed
          </Text>
        </View>
      </View>
      <View>
        <Text
          style={
            [
              {
                "fontFamily": "Nunito-Regular",
              },
              {
                "fontSize": 16,
                "lineHeight": 24,
              },
              {
                "color": "#979797",
              },
            ]
          }
        >
          Tesla All-Wheel Drive has two independent motors. Unlike traditional all-wheel drive systems, these two motors digitally control torque to the front and rear wheelsâ€”for far better handling and traction control.
        </Text>
      </View>
      <View
        style={
          [
            {
              "flexDirection": "row",
            },
            {
              "alignItems": "center",
            },
            {
              "justifyContent": "space-between",
            },
          ]
        }
      >
        <Text
          style={
            [
              {
                "fontSize": 24,
                "lineHeight": 32,
              },
              {
                "color": "#000",
              },
              {
                "fontFamily": "Nunito-Regular",
              },
              {
                "flexBasis": "0%",
                "flexGrow": 1,
                "flexShrink": 1,
              },
            ]
          }
        >
          AED 
          184,000
        </Text>
        <View
          accessible={true}
          collapsable={false}
          focusable={true}
          onClick={[Function]}
          onResponderGrant={[Function]}
          onResponderMove={[Function]}
          onResponderRelease={[Function]}
          onResponderTerminate={[Function]}
          onResponderTerminationRequest={[Function]}
          onStartShouldSetResponder={[Function]}
          style={
            {
              "alignItems": "center",
              "borderBottomColor": "#D01000",
              "borderBottomLeftRadius": 9999,
              "borderBottomRightRadius": 9999,
              "borderBottomWidth": 2,
              "borderLeftColor": "#D01000",
              "borderLeftWidth": 2,
              "borderRightColor": "#D01000",
              "borderRightWidth": 2,
              "borderTopColor": "#D01000",
              "borderTopLeftRadius": 9999,
              "borderTopRightRadius": 9999,
              "borderTopWidth": 2,
              "display": "flex",
              "flexBasis": "0%",
              "flexGrow": 1,
              "flexShrink": 1,
              "justifyContent": "center",
              "opacity": 1,
              "paddingBottom": 12,
              "paddingTop": 12,
            }
          }
        >
          <Text
            style={
              [
                {
                  "fontFamily": "Nunito-Regular",
                },
                {
                  "fontSize": 20,
                  "lineHeight": 28,
                },
                {
                  "color": "#000",
                },
              ]
            }
          >
            Next
          </Text>
        </View>
      </View>
    </View>
  </View>
</View>
`;
